...............................                                          [100%]
============================== warnings summary ===============================
work\backend-env\Lib\site-packages\fastapi\testclient.py:1
  C:\Users\DELL\Documents\Codex\2026-09-27\we-are-building-cardiolens-ai-an\work\backend-env\Lib\site-packages\fastapi\testclient.py:1: StarletteDeprecationWarning: Using `httpx` with `starlette.testclient` is deprecated; install `httpx2` instead.
    from starlette.testclient import TestClient as TestClient  # noqa

-- Docs: https://docs.pytest.org/en/stable/how-to/capture-warnings.html
31 passed, 1 warning in 4.09s

